2025-11-12 17:17:35.000 | INFO     | authentication.base_browser:verify_human:120 - 🚫 No proxy provided — launching browser directly
2025-11-12 17:18:04.671 | INFO     | authentication.base_browser:verify_human:151 - 🌐 Navigated to https://stake.com
2025-11-12 17:18:14.676 | INFO     | authentication.auth_stake:__close_region_modal_if_visible:43 - [SiteParser] Modal check attempt 1/2…
2025-11-12 17:18:20.720 | ERROR    | authentication.auth_stake:__close_region_modal_if_visible:75 - [SiteParser] Error while handling modal: Locator.wait_for: Timeout 6000ms exceeded.
Call log:
  - waiting for locator("[data-testid=\"modal-restrictedRegion\"]") to be visible
  - waiting for locator("[data-testid=\"modal-restrictedRegion\"]")

2025-11-12 17:18:21.167 | INFO     | authentication.auth_stake:__close_region_modal_if_visible:43 - [SiteParser] Modal check attempt 2/2…
2025-11-12 17:18:27.174 | ERROR    | authentication.auth_stake:__close_region_modal_if_visible:75 - [SiteParser] Error while handling modal: Locator.wait_for: Timeout 6000ms exceeded.
Call log:
  - waiting for locator("[data-testid=\"modal-restrictedRegion\"]") to be visible
  - waiting for locator("[data-testid=\"modal-restrictedRegion\"]")

2025-11-12 17:18:27.581 | WARNING  | authentication.auth_stake:__close_region_modal_if_visible:78 - [SiteParser] Modal detected but could not be closed after retries.
2025-11-12 17:18:42.637 | WARNING  | authentication.auth_stake:__try_click_login_button:184 - ⚠️ Could not find the login button.
2025-11-12 17:18:42.637 | WARNING  | authentication.auth_stake:login:233 - Login button not found — skipping this step.
2025-11-12 17:18:42.900 | INFO     | parsers.parser_stake:parse_data:131 - Page not initialized. Starting session initialization...
2025-11-12 17:18:43.259 | INFO     | authentication.base_browser:verify_human:120 - 🚫 No proxy provided — launching browser directly
2025-11-12 17:19:06.912 | INFO     | authentication.base_browser:verify_human:151 - 🌐 Navigated to https://stake.com
2025-11-12 17:19:16.905 | INFO     | authentication.auth_stake:__close_region_modal_if_visible:43 - [SiteParser] Modal check attempt 1/2…
2025-11-12 17:19:22.912 | ERROR    | authentication.auth_stake:__close_region_modal_if_visible:75 - [SiteParser] Error while handling modal: Locator.wait_for: Timeout 6000ms exceeded.
Call log:
  - waiting for locator("[data-testid=\"modal-restrictedRegion\"]") to be visible
  - waiting for locator("[data-testid=\"modal-restrictedRegion\"]")

2025-11-12 17:19:23.316 | INFO     | authentication.auth_stake:__close_region_modal_if_visible:43 - [SiteParser] Modal check attempt 2/2…
2025-11-12 17:19:59.496 | INFO     | authentication.base_browser:verify_human:119 - 🚫 No proxy provided — launching browser directly
2025-11-12 17:20:29.793 | ERROR    | authentication.base_browser:verify_human:152 - ❌ Failed to launch browser or open page: Page.goto: Timeout 30000ms exceeded.
Call log:
  - navigating to "https://stake.com/", waiting until "load"

Traceback (most recent call last):

  File "C:\Users\GameON\PycharmProjects\SLP\main.py", line 9, in <module>
    main()
    └ <function main at 0x0000027F24A28EA0>

  File "C:\Users\GameON\PycharmProjects\SLP\main.py", line 5, in main
    run_process_stake_data()
    └ <function run_process_stake_data at 0x0000027F24AA7EC0>

  File "C:\Users\GameON\PycharmProjects\SLP\etl\airflow_dags\dag_source_stace.py", line 77, in run_process_stake_data
    asyncio.run(process_stake_data())
    │       │   └ <function process_stake_data at 0x0000027F24AA7CE0>
    │       └ <function run at 0x0000027F26977060>
    └ <module 'asyncio' from 'C:\\Users\\GameON\\AppData\\Local\\Programs\\Python\\Python311\\Lib\\asyncio\\__init__.py'>

  File "C:\Users\GameON\AppData\Local\Programs\Python\Python311\Lib\asyncio\runners.py", line 190, in run
    return runner.run(main)
           │      │   └ <coroutine object process_stake_data at 0x0000027F28BCE640>
           │      └ <function Runner.run at 0x0000027F26A3ACA0>
           └ <asyncio.runners.Runner object at 0x0000027F24AA81D0>
  File "C:\Users\GameON\AppData\Local\Programs\Python\Python311\Lib\asyncio\runners.py", line 118, in run
    return self._loop.run_until_complete(task)
           │    │     │                  └ <Task pending name='Task-1' coro=<process_stake_data() running at C:\Users\GameON\PycharmProjects\SLP\etl\airflow_dags\dag_so...
           │    │     └ <function BaseEventLoop.run_until_complete at 0x0000027F26A387C0>
           │    └ <ProactorEventLoop running=True closed=False debug=False>
           └ <asyncio.runners.Runner object at 0x0000027F24AA81D0>
  File "C:\Users\GameON\AppData\Local\Programs\Python\Python311\Lib\asyncio\base_events.py", line 641, in run_until_complete
    self.run_forever()
    │    └ <function ProactorEventLoop.run_forever at 0x0000027F26B0CA40>
    └ <ProactorEventLoop running=True closed=False debug=False>
  File "C:\Users\GameON\AppData\Local\Programs\Python\Python311\Lib\asyncio\windows_events.py", line 321, in run_forever
    super().run_forever()
  File "C:\Users\GameON\AppData\Local\Programs\Python\Python311\Lib\asyncio\base_events.py", line 608, in run_forever
    self._run_once()
    │    └ <function BaseEventLoop._run_once at 0x0000027F26A3A520>
    └ <ProactorEventLoop running=True closed=False debug=False>
  File "C:\Users\GameON\AppData\Local\Programs\Python\Python311\Lib\asyncio\base_events.py", line 1936, in _run_once
    handle._run()
    │      └ <function Handle._run at 0x0000027F26977BA0>
    └ <Handle Task.task_wakeup(<Future finished result=None>)>
  File "C:\Users\GameON\AppData\Local\Programs\Python\Python311\Lib\asyncio\events.py", line 84, in _run
    self._context.run(self._callback, *self._args)
    │    │            │    │           │    └ <member '_args' of 'Handle' objects>
    │    │            │    │           └ <Handle Task.task_wakeup(<Future finished result=None>)>
    │    │            │    └ <member '_callback' of 'Handle' objects>
    │    │            └ <Handle Task.task_wakeup(<Future finished result=None>)>
    │    └ <member '_context' of 'Handle' objects>
    └ <Handle Task.task_wakeup(<Future finished result=None>)>

  File "C:\Users\GameON\PycharmProjects\SLP\etl\airflow_dags\dag_source_stace.py", line 56, in process_stake_data
    await parser.initialize_session()  # Ensure browser session is active
          │      └ <function BaseParser.initialize_session at 0x0000027F2893CEA0>
          └ <parsers.parser_stake.StakeParser object at 0x0000027F24AA1FD0>

  File "C:\Users\GameON\PycharmProjects\SLP\parsers\base_parser.py", line 44, in initialize_session
    self.browser, self.context, self.page = await self.auth.login()
    │    │        │    │        │    │            │    │    └ <function AuthenticationStake.login at 0x0000027F2893CB80>
    │    │        │    │        │    │            │    └ <authentication.auth_stake.AuthenticationStake object at 0x0000027F24AA2010>
    │    │        │    │        │    │            └ <parsers.parser_stake.StakeParser object at 0x0000027F24AA1FD0>
    │    │        │    │        │    └ None
    │    │        │    │        └ <parsers.parser_stake.StakeParser object at 0x0000027F24AA1FD0>
    │    │        │    └ None
    │    │        └ <parsers.parser_stake.StakeParser object at 0x0000027F24AA1FD0>
    │    └ None
    └ <parsers.parser_stake.StakeParser object at 0x0000027F24AA1FD0>

  File "C:\Users\GameON\PycharmProjects\SLP\authentication\auth_stake.py", line 222, in login
    await self.verify_human()
          │    └ <function BaseBrowser.verify_human at 0x0000027F273BC180>
          └ <authentication.auth_stake.AuthenticationStake object at 0x0000027F24AA2010>

> File "C:\Users\GameON\PycharmProjects\SLP\authentication\base_browser.py", line 124, in verify_human
    await self.page.goto(self.base_url)
          │    │    │    │    └ 'https://stake.com'
          │    │    │    └ <authentication.auth_stake.AuthenticationStake object at 0x0000027F24AA2010>
          │    │    └ <function Page.goto at 0x0000027F27218040>
          │    └ <Page url='https://stake.com/'>
          └ <authentication.auth_stake.AuthenticationStake object at 0x0000027F24AA2010>

  File "C:\Users\GameON\PycharmProjects\SLP\.venv\Lib\site-packages\patchright\async_api\_generated.py", line 8811, in goto
    await self._impl_obj.goto(
          │    │         └ <function Page.goto at 0x0000027F2719FBA0>
          │    └ <Page url='https://stake.com/'>
          └ <Page url='https://stake.com/'>
  File "C:\Users\GameON\PycharmProjects\SLP\.venv\Lib\site-packages\patchright\_impl\_page.py", line 537, in goto
    return await self._main_frame.goto(**locals_to_params(locals()))
                 │    │           │      └ <function locals_to_params at 0x0000027F270840E0>
                 │    │           └ <function Frame.goto at 0x0000027F271918A0>
                 │    └ <Frame name= url='https://stake.com/'>
                 └ <Page url='https://stake.com/'>
  File "C:\Users\GameON\PycharmProjects\SLP\.venv\Lib\site-packages\patchright\_impl\_frame.py", line 135, in goto
    await self._channel.send(
          │    │        └ <function Channel.send at 0x0000027F270865C0>
          │    └ <patchright._impl._connection.Channel object at 0x0000027F29EECB10>
          └ <Frame name= url='https://stake.com/'>
  File "C:\Users\GameON\PycharmProjects\SLP\.venv\Lib\site-packages\patchright\_impl\_connection.py", line 53, in send
    return await self._connection.wrap_api_call(
                 │    │           └ <function Connection.wrap_api_call at 0x0000027F270C05E0>
                 │    └ <patchright._impl._connection.Connection object at 0x0000027F285A31D0>
                 └ <patchright._impl._connection.Channel object at 0x0000027F29EECB10>
  File "C:\Users\GameON\PycharmProjects\SLP\.venv\Lib\site-packages\patchright\_impl\_connection.py", line 504, in wrap_api_call
    raise rewrite_error(error, f"{parsed_st['apiName']}: {error}") from None
          └ <function rewrite_error at 0x0000027F26B0E0C0>

patchright._impl._errors.TimeoutError: Page.goto: Timeout 30000ms exceeded.
Call log:
  - navigating to "https://stake.com/", waiting until "load"

2025-11-12 17:20:39.832 | INFO     | authentication.auth_stake:__close_region_modal_if_visible:43 - [SiteParser] Modal check attempt 1/2…
2025-11-12 17:20:45.842 | ERROR    | authentication.auth_stake:__close_region_modal_if_visible:75 - [SiteParser] Error while handling modal: Locator.wait_for: Timeout 6000ms exceeded.
Call log:
  - waiting for locator("[data-testid=\"modal-restrictedRegion\"]") to be visible
  - waiting for locator("[data-testid=\"modal-restrictedRegion\"]")

2025-11-12 17:20:46.257 | INFO     | authentication.auth_stake:__close_region_modal_if_visible:43 - [SiteParser] Modal check attempt 2/2…
2025-11-12 17:20:52.264 | ERROR    | authentication.auth_stake:__close_region_modal_if_visible:75 - [SiteParser] Error while handling modal: Locator.wait_for: Timeout 6000ms exceeded.
Call log:
  - waiting for locator("[data-testid=\"modal-restrictedRegion\"]") to be visible
  - waiting for locator("[data-testid=\"modal-restrictedRegion\"]")

2025-11-12 17:20:52.678 | WARNING  | authentication.auth_stake:__close_region_modal_if_visible:78 - [SiteParser] Modal detected but could not be closed after retries.
2025-11-12 17:21:07.720 | WARNING  | authentication.auth_stake:__try_click_login_button:184 - ⚠️ Could not find the login button.
2025-11-12 17:21:07.720 | WARNING  | authentication.auth_stake:login:233 - Login button not found — skipping this step.
2025-11-12 17:21:07.888 | INFO     | parsers.parser_stake:parse_data:131 - Page not initialized. Starting session initialization...
2025-11-12 17:21:08.253 | INFO     | authentication.base_browser:verify_human:119 - 🚫 No proxy provided — launching browser directly
2025-11-12 17:21:51.218 | INFO     | authentication.base_browser:verify_human:150 - 🌐 Navigated to https://stake.com
2025-11-12 17:22:01.224 | INFO     | authentication.auth_stake:__close_region_modal_if_visible:43 - [SiteParser] Modal check attempt 1/2…
2025-11-12 17:22:07.226 | ERROR    | authentication.auth_stake:__close_region_modal_if_visible:75 - [SiteParser] Error while handling modal: Locator.wait_for: Timeout 6000ms exceeded.
Call log:
  - waiting for locator("[data-testid=\"modal-restrictedRegion\"]") to be visible
  - waiting for locator("[data-testid=\"modal-restrictedRegion\"]")

2025-11-12 17:22:07.628 | INFO     | authentication.auth_stake:__close_region_modal_if_visible:43 - [SiteParser] Modal check attempt 2/2…
2025-11-12 17:22:13.631 | ERROR    | authentication.auth_stake:__close_region_modal_if_visible:75 - [SiteParser] Error while handling modal: Locator.wait_for: Timeout 6000ms exceeded.
Call log:
  - waiting for locator("[data-testid=\"modal-restrictedRegion\"]") to be visible
  - waiting for locator("[data-testid=\"modal-restrictedRegion\"]")
    - waiting for" https://stake.com/" navigation to finish...
    - navigated to "https://stake.com/ru"

2025-11-12 17:22:14.031 | WARNING  | authentication.auth_stake:__close_region_modal_if_visible:78 - [SiteParser] Modal detected but could not be closed after retries.
2025-11-12 17:22:20.851 | INFO     | authentication.auth_stake:__try_click_login_button:179 - ✅ Login button clicked: [data-testid="login-link"]
2025-11-12 17:23:57.949 | INFO     | authentication.base_browser:verify_human:119 - 🚫 No proxy provided — launching browser directly
2025-11-12 17:24:17.176 | ERROR    | authentication.base_browser:verify_human:152 - ❌ Failed to launch browser or open page: 'NoneType' object is not subscriptable
Traceback (most recent call last):

  File "C:\Users\GameON\PycharmProjects\SLP\main.py", line 9, in <module>
    main()
    └ <function main at 0x0000019891DC8EA0>

  File "C:\Users\GameON\PycharmProjects\SLP\main.py", line 5, in main
    run_process_stake_data()
    └ <function run_process_stake_data at 0x0000019891E47EC0>

  File "C:\Users\GameON\PycharmProjects\SLP\etl\airflow_dags\dag_source_stace.py", line 77, in run_process_stake_data
    asyncio.run(process_stake_data())
    │       │   └ <function process_stake_data at 0x0000019891E47CE0>
    │       └ <function run at 0x0000019893CF7060>
    └ <module 'asyncio' from 'C:\\Users\\GameON\\AppData\\Local\\Programs\\Python\\Python311\\Lib\\asyncio\\__init__.py'>

  File "C:\Users\GameON\AppData\Local\Programs\Python\Python311\Lib\asyncio\runners.py", line 190, in run
    return runner.run(main)
           │      │   └ <coroutine object process_stake_data at 0x0000019895F4A640>
           │      └ <function Runner.run at 0x0000019893DBACA0>
           └ <asyncio.runners.Runner object at 0x0000019891E481D0>
  File "C:\Users\GameON\AppData\Local\Programs\Python\Python311\Lib\asyncio\runners.py", line 118, in run
    return self._loop.run_until_complete(task)
           │    │     │                  └ <Task pending name='Task-1' coro=<process_stake_data() running at C:\Users\GameON\PycharmProjects\SLP\etl\airflow_dags\dag_so...
           │    │     └ <function BaseEventLoop.run_until_complete at 0x0000019893DB87C0>
           │    └ <ProactorEventLoop running=True closed=False debug=False>
           └ <asyncio.runners.Runner object at 0x0000019891E481D0>
  File "C:\Users\GameON\AppData\Local\Programs\Python\Python311\Lib\asyncio\base_events.py", line 641, in run_until_complete
    self.run_forever()
    │    └ <function ProactorEventLoop.run_forever at 0x0000019893E8CA40>
    └ <ProactorEventLoop running=True closed=False debug=False>
  File "C:\Users\GameON\AppData\Local\Programs\Python\Python311\Lib\asyncio\windows_events.py", line 321, in run_forever
    super().run_forever()
  File "C:\Users\GameON\AppData\Local\Programs\Python\Python311\Lib\asyncio\base_events.py", line 608, in run_forever
    self._run_once()
    │    └ <function BaseEventLoop._run_once at 0x0000019893DBA520>
    └ <ProactorEventLoop running=True closed=False debug=False>
  File "C:\Users\GameON\AppData\Local\Programs\Python\Python311\Lib\asyncio\base_events.py", line 1936, in _run_once
    handle._run()
    │      └ <function Handle._run at 0x0000019893CF7BA0>
    └ <Handle Task.task_wakeup(<Future finished result=None>)>
  File "C:\Users\GameON\AppData\Local\Programs\Python\Python311\Lib\asyncio\events.py", line 84, in _run
    self._context.run(self._callback, *self._args)
    │    │            │    │           │    └ <member '_args' of 'Handle' objects>
    │    │            │    │           └ <Handle Task.task_wakeup(<Future finished result=None>)>
    │    │            │    └ <member '_callback' of 'Handle' objects>
    │    │            └ <Handle Task.task_wakeup(<Future finished result=None>)>
    │    └ <member '_context' of 'Handle' objects>
    └ <Handle Task.task_wakeup(<Future finished result=None>)>

  File "C:\Users\GameON\PycharmProjects\SLP\etl\airflow_dags\dag_source_stace.py", line 56, in process_stake_data
    await parser.initialize_session()  # Ensure browser session is active
          │      └ <function BaseParser.initialize_session at 0x0000019895CBCEA0>
          └ <parsers.parser_stake.StakeParser object at 0x00000198959E7250>

  File "C:\Users\GameON\PycharmProjects\SLP\parsers\base_parser.py", line 44, in initialize_session
    self.browser, self.context, self.page = await self.auth.login()
    │    │        │    │        │    │            │    │    └ <function AuthenticationStake.login at 0x0000019895CBCB80>
    │    │        │    │        │    │            │    └ <authentication.auth_stake.AuthenticationStake object at 0x0000019895A74F90>
    │    │        │    │        │    │            └ <parsers.parser_stake.StakeParser object at 0x00000198959E7250>
    │    │        │    │        │    └ None
    │    │        │    │        └ <parsers.parser_stake.StakeParser object at 0x00000198959E7250>
    │    │        │    └ None
    │    │        └ <parsers.parser_stake.StakeParser object at 0x00000198959E7250>
    │    └ None
    └ <parsers.parser_stake.StakeParser object at 0x00000198959E7250>

  File "C:\Users\GameON\PycharmProjects\SLP\authentication\auth_stake.py", line 222, in login
    await self.verify_human()
          │    └ <function BaseBrowser.verify_human at 0x000001989473C180>
          └ <authentication.auth_stake.AuthenticationStake object at 0x0000019895A74F90>

> File "C:\Users\GameON\PycharmProjects\SLP\authentication\base_browser.py", line 139, in verify_human
    coord_x = bounding_box['x']
              └ None

TypeError: 'NoneType' object is not subscriptable
2025-11-12 17:24:27.193 | INFO     | authentication.auth_stake:__close_region_modal_if_visible:43 - [SiteParser] Modal check attempt 1/2…
2025-11-12 17:24:27.297 | INFO     | authentication.auth_stake:__close_region_modal_if_visible:52 - [SiteParser] Modal is visible. Looking for close button…
2025-11-12 17:24:27.463 | INFO     | authentication.auth_stake:__close_region_modal_if_visible:63 - [SiteParser] Modal closed successfully (normal click).
2025-11-12 17:24:30.600 | INFO     | authentication.auth_stake:__try_click_login_button:179 - ✅ Login button clicked: [data-testid="login-link"]
2025-11-12 17:24:49.918 | INFO     | email_fetcher.gmail_code_fetcher:run:78 - [GmailCodeFetcher] Starting run()
2025-11-12 17:24:49.920 | INFO     | email_fetcher.gmail_code_fetcher:_ensure_service:126 - [GmailCodeFetcher] Refreshing OAuth token...
2025-11-12 17:24:51.215 | INFO     | email_fetcher.gmail_code_fetcher:_ensure_service:138 - [GmailCodeFetcher] Gmail service is ready.
2025-11-12 17:24:51.215 | INFO     | email_fetcher.gmail_code_fetcher:run:82 - [GmailCodeFetcher] Attempt 1/3: searching for the email...
2025-11-12 17:24:52.920 | INFO     | email_fetcher.gmail_code_fetcher:run:86 - [GmailCodeFetcher] Found message id: 19a78e240dbc699e
2025-11-12 17:24:53.626 | INFO     | email_fetcher.gmail_code_fetcher:run:94 - [GmailCodeFetcher] Code extracted: 667755
2025-11-12 17:24:53.626 | INFO     | authentication.auth_stake:login:265 - Code for login from Gmail message successfully fetched: 667755
2025-11-12 17:24:54.383 | INFO     | authentication.auth_stake:__fill_login_code:218 - [UI] Code typed: 667755
2025-11-12 17:25:00.910 | INFO     | authentication.auth_stake:login:288 - ✅ Login successful
2025-11-12 17:25:24.514 | INFO     | parsers.parser_stake:run_referred_users_via_ui:118 - ========== GRAPHQL DATA ==========
2025-11-12 17:25:24.514 | INFO     | parsers.parser_stake:run_referred_users_via_ui:120 - Transformed referred users: {'data': [{'player_id': 'a6863650-c9e8-42cf-980b-816f7dca879f', 'balance': 34.02}, {'player_id': '691861ab-ba2c-4d5e-b08b-299bfd997c7c', 'balance': 0.0}]}
2025-11-12 17:25:24.515 | INFO     | transformers.transformer:transform:86 - Transformer pipeline started.
2025-11-12 17:25:24.515 | DEBUG    | transformers.transformer:transform:87 - Input data type: %s
2025-11-12 17:25:24.515 | INFO     | transformers.transformer:transform:90 - Step 1/3: validation started.
2025-11-12 17:25:24.515 | INFO     | transformers.transformer_stake:validate_data:21 - ✅ Successfully validated 0 items (0 skipped)
2025-11-12 17:25:24.515 | INFO     | transformers.transformer:transform:92 - Step 1/3: validation finished.
2025-11-12 17:25:24.515 | DEBUG    | transformers.transformer:transform:93 - Validated data type: %s
2025-11-12 17:25:24.515 | INFO     | transformers.transformer:transform:95 - Step 2/3: calculations started.
2025-11-12 17:25:24.515 | INFO     | transformers.transformer:transform:97 - Step 2/3: calculations finished.
2025-11-12 17:25:24.515 | DEBUG    | transformers.transformer:transform:98 - Calculated data type: %s
2025-11-12 17:25:24.515 | INFO     | transformers.transformer:transform:100 - Step 3/3: standardization started.
2025-11-12 17:25:24.517 | INFO     | transformers.transformer:transform:102 - Step 3/3: standardization finished.
2025-11-12 17:25:24.517 | DEBUG    | transformers.transformer:transform:103 - Standardized data type: %s
2025-11-12 17:25:24.517 | INFO     | transformers.transformer:transform:105 - Transformer pipeline completed successfully.
2025-11-12 17:31:45.682 | INFO     | authentication.base_browser:verify_human:120 - 🚫 No proxy provided — launching browser directly
2025-11-12 17:32:28.823 | INFO     | authentication.base_browser:verify_human:151 - 🌐 Navigated to https://stake.com
2025-11-12 17:32:38.826 | INFO     | authentication.auth_stake:__close_region_modal_if_visible:43 - [SiteParser] Modal check attempt 1/2…
2025-11-12 17:32:44.840 | ERROR    | authentication.auth_stake:__close_region_modal_if_visible:75 - [SiteParser] Error while handling modal: Locator.wait_for: Timeout 6000ms exceeded.
Call log:
  - waiting for locator("[data-testid=\"modal-restrictedRegion\"]") to be visible
  - waiting for locator("[data-testid=\"modal-restrictedRegion\"]")

2025-11-12 17:32:45.245 | INFO     | authentication.auth_stake:__close_region_modal_if_visible:43 - [SiteParser] Modal check attempt 2/2…
2025-11-12 17:32:51.255 | ERROR    | authentication.auth_stake:__close_region_modal_if_visible:75 - [SiteParser] Error while handling modal: Locator.wait_for: Timeout 6000ms exceeded.
Call log:
  - waiting for locator("[data-testid=\"modal-restrictedRegion\"]") to be visible
  - waiting for locator("[data-testid=\"modal-restrictedRegion\"]")

2025-11-12 17:32:51.659 | WARNING  | authentication.auth_stake:__close_region_modal_if_visible:78 - [SiteParser] Modal detected but could not be closed after retries.
2025-11-12 17:32:54.758 | INFO     | authentication.auth_stake:__try_click_login_button:179 - ✅ Login button clicked: [data-testid="login-link"]
2025-11-12 17:33:12.188 | INFO     | email_fetcher.gmail_code_fetcher:run:78 - [GmailCodeFetcher] Starting run()
2025-11-12 17:33:12.192 | INFO     | email_fetcher.gmail_code_fetcher:_ensure_service:138 - [GmailCodeFetcher] Gmail service is ready.
2025-11-12 17:33:12.192 | INFO     | email_fetcher.gmail_code_fetcher:run:82 - [GmailCodeFetcher] Attempt 1/3: searching for the email...
2025-11-12 17:33:13.657 | INFO     | email_fetcher.gmail_code_fetcher:run:86 - [GmailCodeFetcher] Found message id: 19a78e9f288fe3d4
2025-11-12 17:33:14.055 | INFO     | email_fetcher.gmail_code_fetcher:run:94 - [GmailCodeFetcher] Code extracted: 531600
2025-11-12 17:33:14.055 | INFO     | authentication.auth_stake:login:265 - Code for login from Gmail message successfully fetched: 531600
2025-11-12 17:33:14.759 | INFO     | authentication.auth_stake:__fill_login_code:218 - [UI] Code typed: 531600
2025-11-12 17:33:21.840 | INFO     | authentication.auth_stake:login:288 - ✅ Login successful
2025-11-12 17:33:47.409 | INFO     | parsers.parser_stake:run_referred_users_via_ui:118 - ========== GRAPHQL DATA ==========
2025-11-12 17:33:47.409 | INFO     | parsers.parser_stake:run_referred_users_via_ui:120 - Transformed referred users: {'data': [{'player_id': 'a6863650-c9e8-42cf-980b-816f7dca879f', 'balance': 34.02}, {'player_id': '691861ab-ba2c-4d5e-b08b-299bfd997c7c', 'balance': 0.0}]}
2025-11-12 17:33:47.409 | INFO     | transformers.transformer:transform:86 - Transformer pipeline started.
2025-11-12 17:33:47.409 | DEBUG    | transformers.transformer:transform:87 - Input data type: %s
2025-11-12 17:33:47.409 | INFO     | transformers.transformer:transform:90 - Step 1/3: validation started.
2025-11-12 17:33:47.417 | INFO     | transformers.transformer_stake:validate_data:21 - ✅ Successfully validated 2 items (0 skipped)
2025-11-12 17:33:47.417 | INFO     | transformers.transformer:transform:92 - Step 1/3: validation finished.
2025-11-12 17:33:47.417 | DEBUG    | transformers.transformer:transform:93 - Validated data type: %s
2025-11-12 17:33:47.417 | INFO     | transformers.transformer:transform:95 - Step 2/3: calculations started.
2025-11-12 17:33:47.417 | INFO     | transformers.transformer:transform:97 - Step 2/3: calculations finished.
2025-11-12 17:33:47.417 | DEBUG    | transformers.transformer:transform:98 - Calculated data type: %s
2025-11-12 17:33:47.417 | INFO     | transformers.transformer:transform:100 - Step 3/3: standardization started.
2025-11-12 17:33:47.417 | WARNING  | transformers.transformer_stake:standardize:36 - ⚠️ Skipping invalid item: {'player_id': 'a6863650-c9e8-42cf-980b-816f7dca879f', 'balance': 34.02} | error: 1 validation error for BetSaveStandardItem
subid
  Field required [type=missing, input_value={'player_id': 'a6863650-c...879f', 'balance': 34.02}, input_type=dict]
    For further information visit https://errors.pydantic.dev/2.12/v/missing
2025-11-12 17:33:47.439 | WARNING  | transformers.transformer_stake:standardize:36 - ⚠️ Skipping invalid item: {'player_id': '691861ab-ba2c-4d5e-b08b-299bfd997c7c', 'balance': 0.0} | error: 1 validation error for BetSaveStandardItem
subid
  Field required [type=missing, input_value={'player_id': '691861ab-b...997c7c', 'balance': 0.0}, input_type=dict]
    For further information visit https://errors.pydantic.dev/2.12/v/missing
2025-11-12 17:33:47.439 | INFO     | transformers.transformer:transform:102 - Step 3/3: standardization finished.
2025-11-12 17:33:47.439 | DEBUG    | transformers.transformer:transform:103 - Standardized data type: %s
2025-11-12 17:33:47.439 | INFO     | transformers.transformer:transform:105 - Transformer pipeline completed successfully.
