2025-11-10 20:21:59.348 | INFO     | __main__:try_click_login_button:129 - ✅ Кнопка логина нажата: [data-testid="login-link"]
2025-11-10 20:22:05.462 | INFO     | __main__:main:224 - ✅ Вход успешен — сохраняем cookies.
2025-11-10 20:22:05.466 | INFO     | __main__:save_cookies:25 - ✅ Cookies saved to stake_cookies.json
2025-11-10 20:23:23.752 | WARNING  | __main__:try_click_login_button:134 - ⚠️ Не удалось найти кнопку логина.
2025-11-10 20:23:23.752 | WARNING  | __main__:main:192 - Кнопка логина не найдена — пропускаем этот шаг.
2025-11-10 20:26:14.648 | WARNING  | __main__:try_click_login_button:134 - ⚠️ Не удалось найти кнопку логина.
2025-11-10 20:26:14.648 | WARNING  | __main__:main:193 - Кнопка логина не найдена — пропускаем этот шаг.
2025-11-10 20:27:53.611 | INFO     | __main__:try_click_login_button:129 - ✅ Кнопка логина нажата: [data-testid="login-link"]
2025-11-10 20:28:01.654 | INFO     | __main__:main:225 - ✅ Вход успешен — сохраняем cookies.
2025-11-10 20:28:01.659 | INFO     | __main__:save_cookies:25 - ✅ Cookies saved to stake_cookies.json
2025-11-10 20:30:54.223 | WARNING  | __main__:try_click_login_button:134 - ⚠️ Не удалось найти кнопку логина.
2025-11-10 20:30:54.223 | WARNING  | __main__:main:198 - Кнопка логина не найдена — пропускаем этот шаг.
2025-11-10 20:31:54.590 | INFO     | __main__:try_click_login_button:129 - ✅ Кнопка логина нажата: [data-testid="login-link"]
2025-11-10 20:32:02.158 | INFO     | __main__:main:229 - ✅ Вход успешен — сохраняем cookies.
2025-11-10 20:32:02.162 | INFO     | __main__:save_cookies:25 - ✅ Cookies saved to stake_cookies.json
2025-11-10 20:33:06.166 | WARNING  | __main__:try_click_login_button:134 - ⚠️ Не удалось найти кнопку логина.
2025-11-10 20:33:06.166 | WARNING  | __main__:main:197 - Кнопка логина не найдена — пропускаем этот шаг.
2025-11-10 20:35:20.422 | WARNING  | __main__:try_click_login_button:134 - ⚠️ Не удалось найти кнопку логина.
2025-11-10 20:35:20.422 | WARNING  | __main__:main:197 - Кнопка логина не найдена — пропускаем этот шаг.
2025-11-10 20:35:20.602 | INFO     | __main__:main:200 - 📸 Скриншот сохранён: login_button_not_found.png
2025-11-10 20:37:04.134 | WARNING  | __main__:try_click_login_button:134 - ⚠️ Не удалось найти кнопку логина.
2025-11-10 20:37:04.135 | WARNING  | __main__:main:197 - Кнопка логина не найдена — пропускаем этот шаг.
2025-11-10 20:37:04.254 | INFO     | __main__:main:200 - 📸 Скриншот сохранён: login_button_not_found.png
2025-11-10 20:41:11.817 | WARNING  | __main__:try_click_login_button:134 - ⚠️ Не удалось найти кнопку логина.
2025-11-10 20:41:11.817 | WARNING  | __main__:main:202 - Кнопка логина не найдена — пропускаем этот шаг.
2025-11-10 20:41:11.924 | INFO     | __main__:main:205 - 📸 Скриншот сохранён: login_button_not_found.png
2025-11-10 20:43:40.406 | WARNING  | __main__:try_click_login_button:134 - ⚠️ Не удалось найти кнопку логина.
2025-11-10 20:43:40.406 | WARNING  | __main__:main:198 - Кнопка логина не найдена — пропускаем этот шаг.
2025-11-10 20:43:40.513 | INFO     | __main__:main:201 - 📸 Скриншот сохранён: login_button_not_found.png
2025-11-10 20:46:34.478 | WARNING  | __main__:try_click_login_button:134 - ⚠️ Не удалось найти кнопку логина.
2025-11-10 20:46:34.478 | WARNING  | __main__:main:197 - Кнопка логина не найдена — пропускаем этот шаг.
2025-11-10 20:46:34.577 | INFO     | __main__:main:200 - 📸 Скриншот сохранён: login_button_not_found.png
2025-11-10 20:50:50.973 | INFO     | __main__:try_click_login_button:129 - ✅ Кнопка логина нажата: [data-testid="login-link"]
2025-11-10 20:51:01.990 | INFO     | __main__:main:235 - ✅ Вход успешен — сохраняем cookies.
2025-11-10 20:51:02.000 | INFO     | __main__:save_cookies:25 - ✅ Cookies saved to stake_cookies.json
2025-11-10 20:55:02.031 | WARNING  | __main__:try_click_login_button:134 - ⚠️ Не удалось найти кнопку логина.
2025-11-10 20:55:02.032 | WARNING  | __main__:main:196 - Кнопка логина не найдена — пропускаем этот шаг.
2025-11-10 20:55:02.113 | INFO     | __main__:main:199 - 📸 Скриншот сохранён: login_button_not_found.png
2025-11-10 20:56:24.186 | INFO     | __main__:try_click_login_button:129 - ✅ Кнопка логина нажата: [data-testid="login-link"]
2025-11-10 20:56:33.342 | INFO     | __main__:main:231 - ✅ Вход успешен — сохраняем cookies.
2025-11-10 20:56:33.345 | INFO     | __main__:save_cookies:25 - ✅ Cookies saved to stake_cookies.json
